24178 execve("build/bitcoin-ipc", ["build/bitcoin-ipc", "/home/vinicius/.bitcoin/regtest/node.sock"], 0x7ffe3cdf8b30 /* 63 vars */) = 0
24178 newfstatat(AT_FDCWD, "/etc/ld.so.cache", {st_mode=S_IFREG|0644, st_size=180983, ...}, 0) = 0
24178 openat(AT_FDCWD, "/etc/ld.so.cache", O_RDONLY|O_CLOEXEC) = 3
24178 fstat(3, {st_mode=S_IFREG|0644, st_size=180983, ...}) = 0
24178 mmap(NULL, 180983, PROT_READ, MAP_PRIVATE, 3, 0) = 0x7f6f2ec36000
24178 close(3)                          = 0
24178 brk(NULL)                         = 0x55a43e109000
24178 mmap(NULL, 8192, PROT_READ|PROT_WRITE, MAP_PRIVATE|MAP_ANONYMOUS, -1, 0) = 0x7f6f2ec34000
24178 access("/etc/ld.so.preload", R_OK) = -1 ENOENT (No such file or directory)
24178 newfstatat(AT_FDCWD, "/etc/ld.so.cache", {st_mode=S_IFREG|0644, st_size=180983, ...}, 0) = 0
24178 openat(AT_FDCWD, "/usr/lib/libcapnp-rpc.so.1.5.0", O_RDONLY|O_CLOEXEC) = 3
24178 read(3, "\177ELF\2\1\1\0\0\0\0\0\0\0\0\0\3\0>\0\1\0\0\0\0\0\0\0\0\0\0\0@\0\0\0\0\0\0\0\210A\17\0\0\0\0\0\0\0\0\0@\08\0\f\0@\0\34\0\33\0\1\0\0\0\4\0\0\0\0\0\0\0\0\0\0\0\0\0\0\0\0\0\0\0\0\0\0\0\0\0\0\0\200\373\1\0\0\0\0\0\200\373\1\0\0\0\0\0\0\20\0\0\0\0\0\0\1\0\0\0\5\0\0\0\0\0\2\0\0\0\0\0\0\0\2\0\0\0\0\0\0\0\2\0\0\0\0\0\31\256\t\0\0\0\0\0\31\256\t\0\0\0\0\0\0\20\0\0\0\0\0\0\1\0\0\0\4\0\0\0\0\260\v\0\0\0\0\0\0\260\v\0\0\0\0\0\0\260\v\0\0\0\0\0\0\371\2\0\0\0\0\0\0\371\2\0\0\0\0\0\0\20\0\0\0\0\0\0\1\0\0\0\6\0\0\0\320\267\16\0\0\0\0\0\320\267\16\0\0\0\0\0\320\267\16\0\0\0\0\0`\210\0\0\0\0\0\0h\210\0\0\0\0\0\0\0\20\0\0\0\0\0\0\2\0\0\0\6\0\0\0\2103\17\0\0\0\0\0\2103\17\0\0\0\0\0\2103\17\0\0\0\0\0P\2\0\0\0\0\0\0P\2\0\0\0\0\0\0\10\0\0\0\0\0\0\0\4\0\0\0\4\0\0\0\340\2\0\0\0\0\0\0\340\2\0\0\0\0\0\0\340\2\0\0\0\0\0\0$\0\0\0\0\0\0\0$\0\0\0\0\0\0\0\4\0\0\0\0\0\0\0\4\0\0\0\4\0\0\0\300\250\16\0\0\0\0\0\300\250\16\0\0\0\0\0\300\250\16\0\0\0\0\0@\0\0\0\0\0\0\0@\0\0\0\0\0\0\0\10\0\0\0\0\0\0\0\7\0\0\0\4\0\0\0\320\267\16\0\0\0\0\0\320\267\16\0\0\0\0\0\320\267\16\0\0\0\0\0\0\0\0\0\0\0\0\0\10\0\0\0\0\0\0\0\10\0\0\0\0\0\0\0S\345td\4\0\0\0\300\250\16\0\0\0\0\0\300\250\16\0\0\0\0\0\300\250\16\0\0\0\0\0@\0\0\0\0\0\0\0@\0\0\0\0\0\0\0\10\0\0\0\0\0\0\0P\345td\4\0\0\0T\271\f\0\0\0\0\0T\271\f\0\0\0\0\0T\271\f\0\0\0\0\0T@\0\0\0\0\0\0T@\0\0\0\0\0\0\4\0\0\0\0\0\0\0Q\345td\6\0\0\0\0\0\0\0\0\0\0\0\0\0\0\0\0\0\0\0\0\0\0\0\0\0\0\0\0\0\0\0\0\0\0\0\0\0\0\0\0\0\0\0\20\0\0\0\0\0\0\0R\345td\4\0\0\0\320\267\16\0\0\0\0\0\320\267\16\0\0\0\0\0\320\267\16\0\0\0\0\0000\210\0\0\0\0\0\0000\210\0\0\0\0\0\0\1\0\0\0\0\0\0\0\4\0\0\0\24\0\0\0\3\0\0\0GNU\0\374M4ob\225\302[\305\tl\24jR\21\332\374\337\302\347\0\0\0\0\364\3\0\0\343\0\0\0@\0\0\0\f\0\0\0`\0`\20\30B\10\0`\3\24\20\2115BQ\4LA@\0 \0P \30\n\20\0 \6\10\276\20AA\7\4C\24\26\310\0000f\361\f\352l\0\0\0\223\0\2 \16\301\0010S\24 \230\204Q\3\10\0\260\2\0\t\2\0\2\242\0025\321$\200\301\0\08\0\211(\10\0\320!\0\20\1\253@( \200\20\200\7l\1\200\0(4\242\241\306\5!\300\241\310B|\205\255 \23@ \1\210\34@0\6`\230\330 \36Alm\0\0J\4\302\0\2\21\30@\0\n\0\1\302\0\206\00040\27\4q\24\10\201\24@@\1\200@\244\201D\20`B\0\266A\0!H\240\24\4\20B`\r@A\5\f\266P\2\314\3`$\0\0\0\t\10\200\203\n$\n\223,8*\241\220\0\234 %\240\4T\250L\201\1 \4\2", 1024) = 1024
24178 fstat(3, {st_mode=S_IFREG|0755, st_size=1001608, ...}) = 0
24178 mmap(NULL, 999480, PROT_READ, MAP_PRIVATE|MAP_DENYWRITE, 3, 0) = 0x7f6f2eb3f000
24178 mmap(0x7f6f2eb5f000, 634880, PROT_READ|PROT_EXEC, MAP_PRIVATE|MAP_FIXED|MAP_DENYWRITE, 3, 0x20000) = 0x7f6f2eb5f000
24178 mmap(0x7f6f2ebfa000, 196608, PROT_READ, MAP_PRIVATE|MAP_FIXED|MAP_DENYWRITE, 3, 0xbb000) = 0x7f6f2ebfa000
24178 mmap(0x7f6f2ec2a000, 40960, PROT_READ|PROT_WRITE, MAP_PRIVATE|MAP_FIXED|MAP_DENYWRITE, 3, 0xeb000) = 0x7f6f2ec2a000
24178 close(3)                          = 0
24178 newfstatat(AT_FDCWD, "/etc/ld.so.cache", {st_mode=S_IFREG|0644, st_size=180983, ...}, 0) = 0
24178 openat(AT_FDCWD, "/usr/lib/libcapnp.so.1.5.0", O_RDONLY|O_CLOEXEC) = 3
24178 read(3, "\177ELF\2\1\1\0\0\0\0\0\0\0\0\0\3\0>\0\1\0\0\0\0\0\0\0\0\0\0\0@\0\0\0\0\0\0\0hA\t\0\0\0\0\0\0\0\0\0@\08\0\v\0@\0\33\0\32\0\1\0\0\0\4\0\0\0\0\0\0\0\0\0\0\0\0\0\0\0\0\0\0\0\0\0\0\0\0\0\0\0\210Y\1\0\0\0\0\0\210Y\1\0\0\0\0\0\0\20\0\0\0\0\0\0\1\0\0\0\5\0\0\0\0`\1\0\0\0\0\0\0`\1\0\0\0\0\0\0`\1\0\0\0\0\0\341\213\5\0\0\0\0\0\341\213\5\0\0\0\0\0\0\20\0\0\0\0\0\0\1\0\0\0\4\0\0\0\0\360\6\0\0\0\0\0\0\360\6\0\0\0\0\0\0\360\6\0\0\0\0\0\210\f\2\0\0\0\0\0\210\f\2\0\0\0\0\0\0\20\0\0\0\0\0\0\1\0\0\0\6\0\0\0\260\t\t\0\0\0\0\0\260\t\t\0\0\0\0\0\260\t\t\0\0\0\0\0h6\0\0\0\0\0\0\2006\0\0\0\0\0\0\0\20\0\0\0\0\0\0\2\0\0\0\6\0\0\0X1\t\0\0\0\0\0X1\t\0\0\0\0\0X1\t\0\0\0\0\0 \2\0\0\0\0\0\0 \2\0\0\0\0\0\0\10\0\0\0\0\0\0\0\4\0\0\0\4\0\0\0\250\2\0\0\0\0\0\0\250\2\0\0\0\0\0\0\250\2\0\0\0\0\0\0$\0\0\0\0\0\0\0$\0\0\0\0\0\0\0\4\0\0\0\0\0\0\0\4\0\0\0\4\0\0\0H\374\10\0\0\0\0\0H\374\10\0\0\0\0\0H\374\10\0\0\0\0\0@\0\0\0\0\0\0\0@\0\0\0\0\0\0\0\10\0\0\0\0\0\0\0S\345td\4\0\0\0H\374\10\0\0\0\0\0H\374\10\0\0\0\0\0H\374\10\0\0\0\0\0@\0\0\0\0\0\0\0@\0\0\0\0\0\0\0\10\0\0\0\0\0\0\0P\345td\4\0\0\0\20\6\10\0\0\0\0\0\20\6\10\0\0\0\0\0\20\6\10\0\0\0\0\0\274\36\0\0\0\0\0\0\274\36\0\0\0\0\0\0\4\0\0\0\0\0\0\0Q\345td\6\0\0\0\0\0\0\0\0\0\0\0\0\0\0\0\0\0\0\0\0\0\0\0\0\0\0\0\0\0\0\0\0\0\0\0\0\0\0\0\0\0\0\0\20\0\0\0\0\0\0\0R\345td\4\0\0\0\260\t\t\0\0\0\0\0\260\t\t\0\0\0\0\0\260\t\t\0\0\0\0\0P6\0\0\0\0\0\0P6\0\0\0\0\0\0\1\0\0\0\0\0\0\0\4\0\0\0\24\0\0\0\3\0\0\0GNU\0b*m\307\327\217\352\225\36\332\302\255\306M\25\0z\36\20R\0\0\0\0\331\3\0\0u\0\0\0@\0\0\0\f\0\0\0\f\"\0\0\0\0\240!d\200$h\1\24\245\314D\231\20\0040\246\16\10\220\34\201\241\10\0\v\2P\200\32@@L\313D\20\4N\0B(i\2%\2\341\v`\220\tR\rd\26\5A\201T\36\261!(\5E\1I\0H\2.\0\201\10\1$\4\23\234*\231\20\33@P\34 \21\0B\r\3\200'(\200\200\0AMX\314\10\1\0\" \314\201`\354\240\301\200\200\300HM\0M\206H\240\224\24\36@Z@\10\20\210@\240\10\20@\0\200(\223\201\2\0010\203\20\242V:%\0D\331$\3a\4FT\2$h\4\227\2\1\220\1u\23\1\240Q\206\30\2410\32\205\210\"\204%\5\24\20\21\23\r\1 \0\1Q\1W,!d$\204\0FA\222&\20\0\0\200\201\"\22\10\10\0\0\26@\0\2\300\20\6\0\200\2DV@\253@\210a.\201\v4\5\254\360\6@\2\272\202\300*aJ$\n\0pDA\201\200\201@\0H\30\2\0R\205\334\346\331\223IQ\204\0HC\2142(\320 D", 1024) = 1024
24178 fstat(3, {st_mode=S_IFREG|0755, st_size=608296, ...}) = 0
24178 mmap(NULL, 606256, PROT_READ, MAP_PRIVATE|MAP_DENYWRITE, 3, 0) = 0x7f6f2eaaa000
24178 mmap(0x7f6f2eac0000, 364544, PROT_READ|PROT_EXEC, MAP_PRIVATE|MAP_FIXED|MAP_DENYWRITE, 3, 0x16000) = 0x7f6f2eac0000
24178 mmap(0x7f6f2eb19000, 135168, PROT_READ, MAP_PRIVATE|MAP_FIXED|MAP_DENYWRITE, 3, 0x6f000) = 0x7f6f2eb19000
24178 mmap(0x7f6f2eb3a000, 20480, PROT_READ|PROT_WRITE, MAP_PRIVATE|MAP_FIXED|MAP_DENYWRITE, 3, 0x90000) = 0x7f6f2eb3a000
24178 close(3)                          = 0
24178 newfstatat(AT_FDCWD, "/etc/ld.so.cache", {st_mode=S_IFREG|0644, st_size=180983, ...}, 0) = 0
24178 openat(AT_FDCWD, "/usr/lib/libkj-async.so.1.5.0", O_RDONLY|O_CLOEXEC) = 3
24178 read(3, "\177ELF\2\1\1\0\0\0\0\0\0\0\0\0\3\0>\0\1\0\0\0\0\0\0\0\0\0\0\0@\0\0\0\0\0\0\0\320\21\17\0\0\0\0\0\0\0\0\0@\08\0\f\0@\0\34\0\33\0\1\0\0\0\4\0\0\0\0\0\0\0\0\0\0\0\0\0\0\0\0\0\0\0\0\0\0\0\0\0\0\08\275\1\0\0\0\0\08\275\1\0\0\0\0\0\0\20\0\0\0\0\0\0\1\0\0\0\5\0\0\0\0\300\1\0\0\0\0\0\0\300\1\0\0\0\0\0\0\300\1\0\0\0\0\0m\6\n\0\0\0\0\0m\6\n\0\0\0\0\0\0\20\0\0\0\0\0\0\1\0\0\0\4\0\0\0\0\320\v\0\0\0\0\0\0\320\v\0\0\0\0\0\0\320\v\0\0\0\0\0\350\302\2\0\0\0\0\0\350\302\2\0\0\0\0\0\0\20\0\0\0\0\0\0\1\0\0\0\6\0\0\0P\233\16\0\0\0\0\0P\253\16\0\0\0\0\0P\253\16\0\0\0\0\0(u\0\0\0\0\0\08x\0\0\0\0\0\0\0\20\0\0\0\0\0\0\2\0\0\0\6\0\0\0\350\1\17\0\0\0\0\0\350\21\17\0\0\0\0\0\350\21\17\0\0\0\0\0000\2\0\0\0\0\0\0000\2\0\0\0\0\0\0\10\0\0\0\0\0\0\0\4\0\0\0\4\0\0\0\340\2\0\0\0\0\0\0\340\2\0\0\0\0\0\0\340\2\0\0\0\0\0\0$\0\0\0\0\0\0\0$\0\0\0\0\0\0\0\4\0\0\0\0\0\0\0\4\0\0\0\4\0\0\0\250\222\16\0\0\0\0\0\250\222\16\0\0\0\0\0\250\222\16\0\0\0\0\0@\0\0\0\0\0\0\0@\0\0\0\0\0\0\0\10\0\0\0\0\0\0\0\7\0\0\0\4\0\0\0P\233\16\0\0\0\0\0P\253\16\0\0\0\0\0P\253\16\0\0\0\0\0\0\0\0\0\0\0\0\0\30\0\0\0\0\0\0\0\10\0\0\0\0\0\0\0S\345td\4\0\0\0\250\222\16\0\0\0\0\0\250\222\16\0\0\0\0\0\250\222\16\0\0\0\0\0@\0\0\0\0\0\0\0@\0\0\0\0\0\0\0\10\0\0\0\0\0\0\0P\345td\4\0\0\0(\252\f\0\0\0\0\0(\252\f\0\0\0\0\0(\252\f\0\0\0\0\0\334@\0\0\0\0\0\0\334@\0\0\0\0\0\0\4\0\0\0\0\0\0\0Q\345td\6\0\0\0\0\0\0\0\0\0\0\0\0\0\0\0\0\0\0\0\0\0\0\0\0\0\0\0\0\0\0\0\0\0\0\0\0\0\0\0\0\0\0\0\20\0\0\0\0\0\0\0R\345td\4\0\0\0P\233\16\0\0\0\0\0P\253\16\0\0\0\0\0P\253\16\0\0\0\0\0\260t\0\0\0\0\0\0\260t\0\0\0\0\0\0\1\0\0\0\0\0\0\0\4\0\0\0\24\0\0\0\3\0\0\0GNU\0O}\245\222,\376\230\216j\373\3\251\10}\342\2238\25}\366\0\0\0\0\364\3\0\0\243\0\0\0@\0\0\0\f\0\0\0\220\4 \1\251Pj@\240\0\222!\10\202\30\0\263\311e\220\300j\6Q\3242\252\320TX\215\320\210\201\20A\30\2041\0N\221$\314Z\2234b\261\"\10\5\1\0344\321\23\340\1\210\30\200P\0\fZ` \0\232 \21\0\20@\3\260\10\300\0O(\0\220\20\4\207\0\302\250\202B\t$ \20gR\224\256 \5D\27\341\207\10\204x*\355S\251\0\6A\0243\205`\222\243\350\376\3624\210\1$`L1%]\206h\0@\5\316\220\302h@\1\2\0 `ALK\21\310\t\0\200\210I`\220}\231.\v\262\0d\200\23\0\250\224\0000\2\10\f\0I\310\0\1\0\20\3\200\36\30\10@Z\1\1\4\22\0\20@\25\202` \33\20\10\0d\201H@\0@\10\240\302\263\310\210\5R`,\4\304\210u\0Q\200(\25", 1024) = 1024
24178 fstat(3, {st_mode=S_IFREG|0755, st_size=989392, ...}) = 0
24178 mmap(NULL, 992136, PROT_READ, MAP_PRIVATE|MAP_DENYWRITE, 3, 0) = 0x7f6f2e9b7000
24178 mmap(0x7f6f2e9d3000, 659456, PROT_READ|PROT_EXEC, MAP_PRIVATE|MAP_FIXED|MAP_DENYWRITE, 3, 0x1c000) = 0x7f6f2e9d3000
24178 mmap(0x7f6f2ea74000, 184320, PROT_READ, MAP_PRIVATE|MAP_FIXED|MAP_DENYWRITE, 3, 0xbd000) = 0x7f6f2ea74000
24178 mmap(0x7f6f2eaa1000, 36864, PROT_READ|PROT_WRITE, MAP_PRIVATE|MAP_FIXED|MAP_DENYWRITE, 3, 0xe9000) = 0x7f6f2eaa1000
24178 close(3)                          = 0
24178 newfstatat(AT_FDCWD, "/etc/ld.so.cache", {st_mode=S_IFREG|0644, st_size=180983, ...}, 0) = 0
24178 openat(AT_FDCWD, "/usr/lib/libkj.so.1.5.0", O_RDONLY|O_CLOEXEC) = 3
24178 read(3, "\177ELF\2\1\1\0\0\0\0\0\0\0\0\0\3\0>\0\1\0\0\0\0\0\0\0\0\0\0\0@\0\0\0\0\0\0\0\2401\10\0\0\0\0\0\0\0\0\0@\08\0\f\0@\0\34\0\33\0\1\0\0\0\4\0\0\0\0\0\0\0\0\0\0\0\0\0\0\0\0\0\0\0\0\0\0\0\0\0\0\0\340\22\1\0\0\0\0\0\340\22\1\0\0\0\0\0\0\20\0\0\0\0\0\0\1\0\0\0\5\0\0\0\0 \1\0\0\0\0\0\0 \1\0\0\0\0\0\0 \1\0\0\0\0\0E8\5\0\0\0\0\0E8\5\0\0\0\0\0\0\20\0\0\0\0\0\0\1\0\0\0\4\0\0\0\0`\6\0\0\0\0\0\0`\6\0\0\0\0\0\0`\6\0\0\0\0\0\260\241\1\0\0\0\0\0\260\241\1\0\0\0\0\0\0\20\0\0\0\0\0\0\1\0\0\0\6\0\0\0\320\3\10\0\0\0\0\0\320\23\10\0\0\0\0\0\320\23\10\0\0\0\0\0x,\0\0\0\0\0\0 -\0\0\0\0\0\0\0\20\0\0\0\0\0\0\2\0\0\0\6\0\0\0\200#\10\0\0\0\0\0\2003\10\0\0\0\0\0\2003\10\0\0\0\0\0\20\2\0\0\0\0\0\0\20\2\0\0\0\0\0\0\10\0\0\0\0\0\0\0\4\0\0\0\4\0\0\0\340\2\0\0\0\0\0\0\340\2\0\0\0\0\0\0\340\2\0\0\0\0\0\0$\0\0\0\0\0\0\0$\0\0\0\0\0\0\0\4\0\0\0\0\0\0\0\4\0\0\0\4\0\0\0p\1\10\0\0\0\0\0p\1\10\0\0\0\0\0p\1\10\0\0\0\0\0@\0\0\0\0\0\0\0@\0\0\0\0\0\0\0\10\0\0\0\0\0\0\0\7\0\0\0\4\0\0\0\320\3\10\0\0\0\0\0\320\23\10\0\0\0\0\0\320\23\10\0\0\0\0\0\0\0\0\0\0\0\0\0\20\0\0\0\0\0\0\0\10\0\0\0\0\0\0\0S\345td\4\0\0\0p\1\10\0\0\0\0\0p\1\10\0\0\0\0\0p\1\10\0\0\0\0\0@\0\0\0\0\0\0\0@\0\0\0\0\0\0\0\10\0\0\0\0\0\0\0P\345td\4\0\0\0\244\343\6\0\0\0\0\0\244\343\6\0\0\0\0\0\244\343\6\0\0\0\0\0004$\0\0\0\0\0\0004$\0\0\0\0\0\0\4\0\0\0\0\0\0\0Q\345td\6\0\0\0\0\0\0\0\0\0\0\0\0\0\0\0\0\0\0\0\0\0\0\0\0\0\0\0\0\0\0\0\0\0\0\0\0\0\0\0\0\0\0\0\20\0\0\0\0\0\0\0R\345td\4\0\0\0\320\3\10\0\0\0\0\0\320\23\10\0\0\0\0\0\320\23\10\0\0\0\0\0000,\0\0\0\0\0\0000,\0\0\0\0\0\0\1\0\0\0\0\0\0\0\4\0\0\0\24\0\0\0\3\0\0\0GNU\0\r\\NO\310z \200\32\203\346\234WN\373\345`\366'\22\0\0\0\0\373\3\0\0\177\0\0\0@\0\0\0\f\0\0\0\22\6d \2Q\t@\10\2022(\200%\242\200\300\310\260@Z\1.\20\211\0\2\224\302\0\nv\3\0\1\201\1HE\10\0\20\344$$D\300\30\20\214\5\242\234T\0\"\n \211\2\2618\0\225\203\200M\4\10\310\200$\0\200\36\tB\4 \200\200\204@\0\10\34!\212\34\0244\f\242R\334M\0300\0)hU\205\0\10\4\200\1\3\0\v\268$\200\202\3412\20\5\200`p\2\355\212W\230\4\0 \25\242\20\5e\20\0\0\222\20\220\0E\0\0\0\0010\0\200J`\250\0\20(\202\1\20\1\1\n\232\1(\0$\"\200\20\0\n8T\32aP\0\324\200\vLl\24\320\2\20\219\200\300Q\20\4\0\"\0\2\3\202\0\0\0\0P\20\4\301\1\24(\2\2f\20 \0\324\10\0\10\365A9\0\2%\24\n\0\1", 1024) = 1024
24178 fstat(3, {st_mode=S_IFREG|0755, st_size=538784, ...}) = 0
24178 mmap(NULL, 540912, PROT_READ, MAP_PRIVATE|MAP_DENYWRITE, 3, 0) = 0x7f6f2e932000
24178 mmap(0x7f6f2e944000, 344064, PROT_READ|PROT_EXEC, MAP_PRIVATE|MAP_FIXED|MAP_DENYWRITE, 3, 0x12000) = 0x7f6f2e944000
24178 mmap(0x7f6f2e998000, 110592, PROT_READ, MAP_PRIVATE|MAP_FIXED|MAP_DENYWRITE, 3, 0x66000) = 0x7f6f2e998000
24178 mmap(0x7f6f2e9b3000, 16384, PROT_READ|PROT_WRITE, MAP_PRIVATE|MAP_FIXED|MAP_DENYWRITE, 3, 0x80000) = 0x7f6f2e9b3000
24178 close(3)                          = 0
24178 newfstatat(AT_FDCWD, "/etc/ld.so.cache", {st_mode=S_IFREG|0644, st_size=180983, ...}, 0) = 0
24178 openat(AT_FDCWD, "/usr/lib/libstdc++.so.6", O_RDONLY|O_CLOEXEC) = 3
24178 read(3, "\177ELF\2\1\1\3\0\0\0\0\0\0\0\0\3\0>\0\1\0\0\0\0\0\0\0\0\0\0\0@\0\0\0\0\0\0\0\30\324,\0\0\0\0\0\0\0\0\0@\08\0\r\0@\0 \0\37\0\1\0\0\0\4\0\0\0\0\0\0\0\0\0\0\0\0\0\0\0\0\0\0\0\0\0\0\0\0\0\0\0\10\233\t\0\0\0\0\0\10\233\t\0\0\0\0\0\0\20\0\0\0\0\0\0\1\0\0\0\5\0\0\0\0\240\t\0\0\0\0\0\0\240\t\0\0\0\0\0\0\240\t\0\0\0\0\0\201 \30\0\0\0\0\0\201 \30\0\0\0\0\0\0\20\0\0\0\0\0\0\1\0\0\0\4\0\0\0\0\320!\0\0\0\0\0\0\320!\0\0\0\0\0\0\320!\0\0\0\0\0\10\360\t\0\0\0\0\0\10\360\t\0\0\0\0\0\0\20\0\0\0\0\0\0\1\0\0\0\6\0\0\0\310\304+\0\0\0\0\0\310\324+\0\0\0\0\0\310\324+\0\0\0\0\0\330\f\1\0\0\0\0\0\370M\1\0\0\0\0\0\0\20\0\0\0\0\0\0\2\0\0\0\6\0\0\0h\232,\0\0\0\0\0h\252,\0\0\0\0\0h\252,\0\0\0\0\0000\2\0\0\0\0\0\0000\2\0\0\0\0\0\0\10\0\0\0\0\0\0\0\4\0\0\0\4\0\0\0\30\3\0\0\0\0\0\0\30\3\0\0\0\0\0\0\30\3\0\0\0\0\0\0$\0\0\0\0\0\0\0$\0\0\0\0\0\0\0\4\0\0\0\0\0\0\0\4\0\0\0\4\0\0\0\310\277+\0\0\0\0\0\310\277+\0\0\0\0\0\310\277+\0\0\0\0\0@\0\0\0\0\0\0\0@\0\0\0\0\0\0\0\10\0\0\0\0\0\0\0\7\0\0\0\4\0\0\0\310\304+\0\0\0\0\0\310\324+\0\0\0\0\0\310\324+\0\0\0\0\0\0\0\0\0\0\0\0\0 \0\0\0\0\0\0\0\10\0\0\0\0\0\0\0S\345td\4\0\0\0\310\277+\0\0\0\0\0\310\277+\0\0\0\0\0\310\277+\0\0\0\0\0@\0\0\0\0\0\0\0@\0\0\0\0\0\0\0\10\0\0\0\0\0\0\0P\345td\4\0\0\0\3445'\0\0\0\0\0\3445'\0\0\0\0\0\3445'\0\0\0\0\0\4\257\0\0\0\0\0\0\4\257\0\0\0\0\0\0\4\0\0\0\0\0\0\0T\345td\4\0\0\0\240#+\0\0\0\0\0\240#+\0\0\0\0\0\240#+\0\0\0\0\0004\0\0\0\0\0\0\0004\0\0\0\0\0\0\0\10\0\0\0\0\0\0\0Q\345td\6\0\0\0\0\0\0\0\0\0\0\0\0\0\0\0\0\0\0\0\0\0\0\0\0\0\0\0\0\0\0\0\0\0\0\0\0\0\0\0\0\0\0\0\20\0\0\0\0\0\0\0R\345td\4\0\0\0\310\304+\0\0\0\0\0\310\324+\0\0\0\0\0\310\324+\0\0\0\0\08\v\1\0\0\0\0\08\v\1\0\0\0\0\0\1\0\0\0\0\0\0\0\4\0\0\0\24\0\0\0\3\0\0\0GNU\0[\215=\344B\336\230{$\320\343g\2253\6\217*\346$\227\0\0\0\0\374\7\0\0\317\0\0\0\0\4\0\0\20\0\0\0\2\30\6P\300A\301\200\2\21\0A\0\0\0\0\0 \200\220\4\201\0\20 \0\0\20\0\0 \0\2\0\0 \2\0\0\f\0\20\10\4\0\0\0\2V\300\210\6\250\211\4\4\0\5K\206\270`\34a\0\1$\202 \0\301\0B\205\260\0\224\0\5\00161@\22\0\v\1\4\10\1\1X\0@\3\203\0\32\0\0Q\0 \n\2\f\2\0\"\221\4\10p\0 \240\0\2\10\f @\204\0\0\10A\200\200\10!\0\"\0`\300\10\0@\20\10\1\34\0\4\0\0\4\1\200\0\0\0\0\0\20\0\0\0\1@\0 \1\0\0\0\10\242\20\"\08q\24\200", 1024) = 1024
24178 fstat(3, {st_mode=S_IFREG|0755, st_size=2939928, ...}) = 0
24178 mmap(NULL, 2958016, PROT_READ, MAP_PRIVATE|MAP_DENYWRITE, 3, 0) = 0x7f6f2e600000
24178 mmap(0x7f6f2e69a000, 1585152, PROT_READ|PROT_EXEC, MAP_PRIVATE|MAP_FIXED|MAP_DENYWRITE, 3, 0x9a000) = 0x7f6f2e69a000
24178 mmap(0x7f6f2e81d000, 655360, PROT_READ, MAP_PRIVATE|MAP_FIXED|MAP_DENYWRITE, 3, 0x21d000) = 0x7f6f2e81d000
24178 mmap(0x7f6f2e8bd000, 73728, PROT_READ|PROT_WRITE, MAP_PRIVATE|MAP_FIXED|MAP_DENYWRITE, 3, 0x2bc000) = 0x7f6f2e8bd000
24178 mmap(0x7f6f2e8cf000, 12992, PROT_READ|PROT_WRITE, MAP_PRIVATE|MAP_FIXED|MAP_ANONYMOUS, -1, 0) = 0x7f6f2e8cf000
24178 close(3)                          = 0
24178 newfstatat(AT_FDCWD, "/etc/ld.so.cache", {st_mode=S_IFREG|0644, st_size=180983, ...}, 0) = 0
24178 openat(AT_FDCWD, "/usr/lib/libm.so.6", O_RDONLY|O_CLOEXEC) = 3
24178 read(3, "\177ELF\2\1\1\3\0\0\0\0\0\0\0\0\3\0>\0\1\0\0\0\0\0\0\0\0\0\0\0@\0\0\0\0\0\0\0\360Q\23\0\0\0\0\0\0\0\0\0@\08\0\r\0@\0\"\0!\0\1\0\0\0\4\0\0\0\0\0\0\0\0\0\0\0\0\0\0\0\0\0\0\0\0\0\0\0\0\0\0\0H\365\0\0\0\0\0\0H\365\0\0\0\0\0\0\0\20\0\0\0\0\0\0\1\0\0\0\5\0\0\0\0\0\1\0\0\0\0\0\0\0\1\0\0\0\0\0\0\0\1\0\0\0\0\0\335\273\t\0\0\0\0\0\335\273\t\0\0\0\0\0\0\20\0\0\0\0\0\0\1\0\0\0\4\0\0\0\0\300\n\0\0\0\0\0\0\300\n\0\0\0\0\0\0\300\n\0\0\0\0\0\30\207\10\0\0\0\0\0\30\207\10\0\0\0\0\0\0\20\0\0\0\0\0\0\1\0\0\0\6\0\0\0(K\23\0\0\0\0\0([\23\0\0\0\0\0([\23\0\0\0\0\0\360\4\0\0\0\0\0\0 \6\0\0\0\0\0\0\0\20\0\0\0\0\0\0\2\0\0\0\6\0\0\0@K\23\0\0\0\0\0@[\23\0\0\0\0\0@[\23\0\0\0\0\0\200\2\0\0\0\0\0\0\200\2\0\0\0\0\0\0\10\0\0\0\0\0\0\0\4\0\0\0\4\0\0\0\30\3\0\0\0\0\0\0\30\3\0\0\0\0\0\0\30\3\0\0\0\0\0\0$\0\0\0\0\0\0\0$\0\0\0\0\0\0\0\4\0\0\0\0\0\0\0\4\0\0\0\4\0\0\0\250F\23\0\0\0\0\0\250F\23\0\0\0\0\0\250F\23\0\0\0\0\0P\0\0\0\0\0\0\0P\0\0\0\0\0\0\0\10\0\0\0\0\0\0\0\4\0\0\0\4\0\0\0\370F\23\0\0\0\0\0\370F\23\0\0\0\0\0\370F\23\0\0\0\0\0 \0\0\0\0\0\0\0 \0\0\0\0\0\0\0\4\0\0\0\0\0\0\0S\345td\4\0\0\0\250F\23\0\0\0\0\0\250F\23\0\0\0\0\0\250F\23\0\0\0\0\0P\0\0\0\0\0\0\0P\0\0\0\0\0\0\0\10\0\0\0\0\0\0\0P\345td\4\0\0\0\360?\21\0\0\0\0\0\360?\21\0\0\0\0\0\360?\21\0\0\0\0\0\204$\0\0\0\0\0\0\204$\0\0\0\0\0\0\4\0\0\0\0\0\0\0T\345td\4\0\0\0H-\22\0\0\0\0\0H-\22\0\0\0\0\0H-\22\0\0\0\0\0\215\261\0\0\0\0\0\0\215\261\0\0\0\0\0\0\10\0\0\0\0\0\0\0Q\345td\6\0\0\0\0\0\0\0\0\0\0\0\0\0\0\0\0\0\0\0\0\0\0\0\0\0\0\0\0\0\0\0\0\0\0\0\0\0\0\0\0\0\0\0\20\0\0\0\0\0\0\0R\345td\4\0\0\0(K\23\0\0\0\0\0([\23\0\0\0\0\0([\23\0\0\0\0\0\330\4\0\0\0\0\0\0\330\4\0\0\0\0\0\0\1\0\0\0\0\0\0\0\4\0\0\0\24\0\0\0\3\0\0\0GNU\0\v\374\300\31m\212l\\\23oi-\344S%\203#\232]\256\0\0\0\0\342\3\0\0\36\0\0\0\200\0\0\0\r\0\0\0\245@\0@AH\20\4*T\4N\2\17u\0J\350\200\"\0q\10\312H`\0\200\0>\312`\24\204&\20PA\337\304P\21\2) \20x\2224H\0\222\22\0\200(\252\24%@\212b\30\0\2#\200E \20*\2\20\246\31f\215\321\16\252\21\0\0\0\4!\32B\5\01000\324J: \320\0\10\22\1\204iJG\211\f\20\200H \0`(\220\24\n\5\22\2\2\210\0\6\0\10\2@@\10\303\31\"\204EI0E\4 \210#\t\0@F0@\203!A\0\4`\0\10J\1\t\224\1\200\200\10\208J2\2\210\10\1\10 D\20", 1024) = 1024
24178 fstat(3, {st_mode=S_IFREG|0755, st_size=1268336, ...}) = 0
24178 mmap(NULL, 1270088, PROT_READ, MAP_PRIVATE|MAP_DENYWRITE, 3, 0) = 0x7f6f2e4c9000
24178 mmap(0x7f6f2e4d9000, 638976, PROT_READ|PROT_EXEC, MAP_PRIVATE|MAP_FIXED|MAP_DENYWRITE, 3, 0x10000) = 0x7f6f2e4d9000
24178 mmap(0x7f6f2e575000, 561152, PROT_READ, MAP_PRIVATE|MAP_FIXED|MAP_DENYWRITE, 3, 0xac000) = 0x7f6f2e575000
24178 mmap(0x7f6f2e5fe000, 8192, PROT_READ|PROT_WRITE, MAP_PRIVATE|MAP_FIXED|MAP_DENYWRITE, 3, 0x134000) = 0x7f6f2e5fe000
24178 close(3)                          = 0
24178 newfstatat(AT_FDCWD, "/etc/ld.so.cache", {st_mode=S_IFREG|0644, st_size=180983, ...}, 0) = 0
24178 openat(AT_FDCWD, "/usr/lib/libgcc_s.so.1", O_RDONLY|O_CLOEXEC) = 3
24178 read(3, "\177ELF\2\1\1\0\0\0\0\0\0\0\0\0\3\0>\0\1\0\0\0\0\0\0\0\0\0\0\0@\0\0\0\0\0\0\0\260\301\2\0\0\0\0\0\0\0\0\0@\08\0\f\0@\0\35\0\34\0\1\0\0\0\4\0\0\0\0\0\0\0\0\0\0\0\0\0\0\0\0\0\0\0\0\0\0\0\0\0\0\0 9\0\0\0\0\0\0 9\0\0\0\0\0\0\0\20\0\0\0\0\0\0\1\0\0\0\5\0\0\0\0@\0\0\0\0\0\0\0@\0\0\0\0\0\0\0@\0\0\0\0\0\0U/\2\0\0\0\0\0U/\2\0\0\0\0\0\0\20\0\0\0\0\0\0\1\0\0\0\4\0\0\0\0p\2\0\0\0\0\0\0p\2\0\0\0\0\0\0p\2\0\0\0\0\0\200>\0\0\0\0\0\0\200>\0\0\0\0\0\0\0\20\0\0\0\0\0\0\1\0\0\0\6\0\0\0\270\273\2\0\0\0\0\0\270\273\2\0\0\0\0\0\270\273\2\0\0\0\0\0P\4\0\0\0\0\0\0000\6\0\0\0\0\0\0\0\20\0\0\0\0\0\0\2\0\0\0\6\0\0\0\330\273\2\0\0\0\0\0\330\273\2\0\0\0\0\0\330\273\2\0\0\0\0\0\20\2\0\0\0\0\0\0\20\2\0\0\0\0\0\0\10\0\0\0\0\0\0\0\4\0\0\0\4\0\0\0\340\2\0\0\0\0\0\0\340\2\0\0\0\0\0\0\340\2\0\0\0\0\0\0$\0\0\0\0\0\0\0$\0\0\0\0\0\0\0\4\0\0\0\0\0\0\0\4\0\0\0\4\0\0\0@\256\2\0\0\0\0\0@\256\2\0\0\0\0\0@\256\2\0\0\0\0\0@\0\0\0\0\0\0\0@\0\0\0\0\0\0\0\10\0\0\0\0\0\0\0\7\0\0\0\4\0\0\0\270\273\2\0\0\0\0\0\270\273\2\0\0\0\0\0\270\273\2\0\0\0\0\0\0\0\0\0\0\0\0\0\10\0\0\0\0\0\0\0\10\0\0\0\0\0\0\0S\345td\4\0\0\0@\256\2\0\0\0\0\0@\256\2\0\0\0\0\0@\256\2\0\0\0\0\0@\0\0\0\0\0\0\0@\0\0\0\0\0\0\0\10\0\0\0\0\0\0\0P\345td\4\0\0\0\340y\2\0\0\0\0\0\340y\2\0\0\0\0\0\340y\2\0\0\0\0\0l\10\0\0\0\0\0\0l\10\0\0\0\0\0\0\4\0\0\0\0\0\0\0Q\345td\6\0\0\0\0\0\0\0\0\0\0\0\0\0\0\0\0\0\0\0\0\0\0\0\0\0\0\0\0\0\0\0\0\0\0\0\0\0\0\0\0\0\0\0\20\0\0\0\0\0\0\0R\345td\4\0\0\0\270\273\2\0\0\0\0\0\270\273\2\0\0\0\0\0\270\273\2\0\0\0\0\0H\4\0\0\0\0\0\0H\4\0\0\0\0\0\0\1\0\0\0\0\0\0\0\4\0\0\0\24\0\0\0\3\0\0\0GNU\0\257\31kkqL\1#\241Dq&\353\245\25\203\227kF\10\0\0\0\0\205\1\0\0\34\0\0\0 \0\0\0\v\0\0\0\0D\3\0D\4\0\0\1\301\"D\0A\210@\200D \6 \10\0(\"@N\2\0\2A\260\2\0\21\0\0\0\10\0004@\240\10\210\10\202\210X\1\0\0\0\1\26 6\0\204%l\200$\260\3\350\f\0R\0\4`\0\0\t\300\0\0\20@0\10\0\200\1B\f\20\4 \4\0\0p\0 \f\3\0\200\220 \250\t\0aB,\0p\2\220\236\0'\210 0\16\26\4\241\0\200\2jR\4# F\0\240\0\0\1\0\0\20\4\0\0\0\0\0\200\t\200\0h\1\20\0\4\0 \0\300\0B\220@\310\200\200\0\220\2\20\0`\4\2@\2\2\0\08 BA\10\10Q\0\20\0\10\20\20\0 \20\250P\4\2P\"\0@\30\0\200\0\0\0P\202\0\0\1 \10H\300\5 \10\5\240@\4\0B\n\0\220\230\1\0", 1024) = 1024
24178 fstat(3, {st_mode=S_IFREG|0644, st_size=182512, ...}) = 0
24178 mmap(NULL, 8192, PROT_READ|PROT_WRITE, MAP_PRIVATE|MAP_ANONYMOUS, -1, 0) = 0x7f6f2e930000
24178 mmap(NULL, 180712, PROT_READ, MAP_PRIVATE|MAP_DENYWRITE, 3, 0) = 0x7f6f2e903000
24178 mmap(0x7f6f2e907000, 143360, PROT_READ|PROT_EXEC, MAP_PRIVATE|MAP_FIXED|MAP_DENYWRITE, 3, 0x4000) = 0x7f6f2e907000
24178 mmap(0x7f6f2e92a000, 16384, PROT_READ, MAP_PRIVATE|MAP_FIXED|MAP_DENYWRITE, 3, 0x27000) = 0x7f6f2e92a000
24178 mmap(0x7f6f2e92e000, 8192, PROT_READ|PROT_WRITE, MAP_PRIVATE|MAP_FIXED|MAP_DENYWRITE, 3, 0x2b000) = 0x7f6f2e92e000
24178 close(3)                          = 0
24178 newfstatat(AT_FDCWD, "/etc/ld.so.cache", {st_mode=S_IFREG|0644, st_size=180983, ...}, 0) = 0
24178 openat(AT_FDCWD, "/usr/lib/libc.so.6", O_RDONLY|O_CLOEXEC) = 3
24178 read(3, "\177ELF\2\1\1\3\0\0\0\0\0\0\0\0\3\0>\0\1\0\0\0\300y\2\0\0\0\0\0@\0\0\0\0\0\0\0\240\274!\0\0\0\0\0\0\0\0\0@\08\0\20\0@\0@\0?\0\6\0\0\0\4\0\0\0@\0\0\0\0\0\0\0@\0\0\0\0\0\0\0@\0\0\0\0\0\0\0\200\3\0\0\0\0\0\0\200\3\0\0\0\0\0\0\10\0\0\0\0\0\0\0\3\0\0\0\4\0\0\0\200K\34\0\0\0\0\0\200K\34\0\0\0\0\0\200K\34\0\0\0\0\0\36\0\0\0\0\0\0\0\36\0\0\0\0\0\0\0\20\0\0\0\0\0\0\0\1\0\0\0\4\0\0\0\0\0\0\0\0\0\0\0\0\0\0\0\0\0\0\0\0\0\0\0\0\0\0\0\2408\2\0\0\0\0\0\2408\2\0\0\0\0\0\0\20\0\0\0\0\0\0\1\0\0\0\5\0\0\0\0@\2\0\0\0\0\0\0@\2\0\0\0\0\0\0@\2\0\0\0\0\09\241\27\0\0\0\0\09\241\27\0\0\0\0\0\0\20\0\0\0\0\0\0\1\0\0\0\4\0\0\0\0\360\31\0\0\0\0\0\0\360\31\0\0\0\0\0\0\360\31\0\0\0\0\0\0Z\7\0\0\0\0\0\0Z\7\0\0\0\0\0\0\20\0\0\0\0\0\0\1\0\0\0\6\0\0\0\230K!\0\0\0\0\0\230[!\0\0\0\0\0\230[!\0\0\0\0\0\360J\0\0\0\0\0\0\270\317\0\0\0\0\0\0\0\20\0\0\0\0\0\0\2\0\0\0\6\0\0\0@y!\0\0\0\0\0@\211!\0\0\0\0\0@\211!\0\0\0\0\0000\2\0\0\0\0\0\0000\2\0\0\0\0\0\0\10\0\0\0\0\0\0\0\4\0\0\0\4\0\0\0\300\3\0\0\0\0\0\0\300\3\0\0\0\0\0\0\300\3\0\0\0\0\0\0$\0\0\0\0\0\0\0$\0\0\0\0\0\0\0\4\0\0\0\0\0\0\0\4\0\0\0\4\0\0\0\220I!\0\0\0\0\0\220I!\0\0\0\0\0\220I!\0\0\0\0\0P\0\0\0\0\0\0\0P\0\0\0\0\0\0\0\10\0\0\0\0\0\0\0\4\0\0\0\4\0\0\0\340I!\0\0\0\0\0\340I!\0\0\0\0\0\340I!\0\0\0\0\0 \0\0\0\0\0\0\0 \0\0\0\0\0\0\0\4\0\0\0\0\0\0\0\7\0\0\0\4\0\0\0\230K!\0\0\0\0\0\230[!\0\0\0\0\0\230[!\0\0\0\0\0000\0\0\0\0\0\0\0\200\0\0\0\0\0\0\0\10\0\0\0\0\0\0\0S\345td\4\0\0\0\220I!\0\0\0\0\0\220I!\0\0\0\0\0\220I!\0\0\0\0\0P\0\0\0\0\0\0\0P\0\0\0\0\0\0\0\10\0\0\0\0\0\0\0P\345td\4\0\0\0\240K\34\0\0\0\0\0\240K\34\0\0\0\0\0\240K\34\0\0\0\0\0t{\0\0\0\0\0\0t{\0\0\0\0\0\0\4\0\0\0\0\0\0\0T\345td\4\0\0\0\320\17\37\0\0\0\0\0\320\17\37\0\0\0\0\0\320\17\37\0\0\0\0\0\2173\2\0\0\0\0\0\2173\2\0\0\0\0\0\10\0\0\0\0\0\0\0Q\345td\6\0\0\0\0\0\0\0\0\0\0\0\0\0\0\0\0\0\0\0\0\0\0\0\0\0\0\0\0\0\0\0\0\0\0\0\0\0\0\0\0\0\0\0\20\0\0\0\0\0\0\0R\345td\4\0\0\0\230K!\0\0\0\0\0\230[!\0\0\0\0\0\230[!\0\0\0\0\0h4\0\0\0\0\0\0h4\0\0\0\0\0\0\1\0\0\0\0\0\0\0\4\0\0\0\24\0\0\0\3\0\0\0GNU\0P2\0\327\375\251J]\306\5\215~\6\224\345\321\334\262\343r\0\0\0\0\361\3\0\0\26\0\0\0\0\2\0\0\17\0\0\0\0\0\0\25@@0\0", 1024) = 1024
24178 fstat(3, {st_mode=S_IFREG|0755, st_size=2215072, ...}) = 0
24178 mmap(NULL, 2239312, PROT_READ, MAP_PRIVATE|MAP_DENYWRITE, 3, 0) = 0x7f6f2e200000
24178 mmap(0x7f6f2e224000, 1552384, PROT_READ|PROT_EXEC, MAP_PRIVATE|MAP_FIXED|MAP_DENYWRITE, 3, 0x24000) = 0x7f6f2e224000
24178 mmap(0x7f6f2e39f000, 483328, PROT_READ, MAP_PRIVATE|MAP_FIXED|MAP_DENYWRITE, 3, 0x19f000) = 0x7f6f2e39f000
24178 mmap(0x7f6f2e415000, 24576, PROT_READ|PROT_WRITE, MAP_PRIVATE|MAP_FIXED|MAP_DENYWRITE, 3, 0x214000) = 0x7f6f2e415000
24178 mmap(0x7f6f2e41b000, 31568, PROT_READ|PROT_WRITE, MAP_PRIVATE|MAP_FIXED|MAP_ANONYMOUS, -1, 0) = 0x7f6f2e41b000
24178 close(3)                          = 0
24178 mmap(NULL, 8192, PROT_READ|PROT_WRITE, MAP_PRIVATE|MAP_ANONYMOUS, -1, 0) = 0x7f6f2e901000
24178 mmap(NULL, 12288, PROT_READ|PROT_WRITE, MAP_PRIVATE|MAP_ANONYMOUS, -1, 0) = 0x7f6f2e8fe000
24178 arch_prctl(ARCH_SET_FS, 0x7f6f2e8fe7c0) = 0
24178 set_tid_address(0x7f6f2e8fede8)   = 24178
24178 set_robust_list(0x7f6f2e8feaa0, 24) = 0
24178 rseq({cpu_id_start=0, cpu_id=RSEQ_CPU_ID_UNINITIALIZED, rseq_cs=NULL, flags=0, node_id=0, mm_cid=0, slice_ctrl={request=0, granted=0, __reserved=0}, __reserved=0}, 33, 0, 0x53053053) = 0
24178 getrandom("\xd7\xd2\xb5\x58\x79\x4f\xb7\x07\x92\xb4\xde\xb4\x9e\xdb\xbe\x97", 16, GRND_NONBLOCK) = 16
24178 mprotect(0x7f6f2e415000, 16384, PROT_READ) = 0
24178 mprotect(0x7f6f2e92e000, 4096, PROT_READ) = 0
24178 mprotect(0x7f6f2e5fe000, 4096, PROT_READ) = 0
24178 mprotect(0x7f6f2e8bd000, 69632, PROT_READ) = 0
24178 mprotect(0x7f6f2e9b3000, 12288, PROT_READ) = 0
24178 mprotect(0x7f6f2eaa1000, 32768, PROT_READ) = 0
24178 mprotect(0x7f6f2eb3a000, 16384, PROT_READ) = 0
24178 mprotect(0x7f6f2ec2a000, 36864, PROT_READ) = 0
24178 mprotect(0x55a427bd7000, 16384, PROT_READ) = 0
24178 mprotect(0x7f6f2eca8000, 8192, PROT_READ) = 0
24178 prlimit64(0, RLIMIT_STACK, NULL, {rlim_cur=8192*1024, rlim_max=RLIM64_INFINITY}) = 0
24178 getrandom("\x88\x6a\x18\xfe\x30\xdb\xbe\x9b", 8, GRND_NONBLOCK) = 8
24178 futex(0x7f6f2e8cf6bc, FUTEX_WAKE_PRIVATE, 2147483647) = 0
24178 brk(NULL)                         = 0x55a43e109000
24178 brk(0x55a43e13c000)               = 0x55a43e13c000
24178 socket(AF_UNIX, SOCK_STREAM, 0)   = 3
24178 connect(3, {sa_family=AF_UNIX, sun_path="/home/vinicius/.bitcoin/regtest/node.sock"}, 110) = 0
24178 rt_sigaction(SIGPIPE, {sa_handler=SIG_IGN, sa_mask=[PIPE], sa_flags=SA_RESTORER|SA_RESTART, sa_restorer=0x7f6f2e23e6f0}, {sa_handler=SIG_DFL, sa_mask=[], sa_flags=0}, 8) = 0
24178 epoll_create1(EPOLL_CLOEXEC)      = 4
24178 eventfd2(0, EFD_CLOEXEC|EFD_NONBLOCK) = 5
24178 epoll_ctl(4, EPOLL_CTL_ADD, 5, {events=EPOLLIN, data=0}) = 0
24178 rt_sigprocmask(SIG_BLOCK, NULL, [], 8) = 0
24178 ioctl(3, FIONBIO, [1])            = 0
24178 ioctl(3, FIOCLEX)                 = 0
24178 epoll_ctl(4, EPOLL_CTL_ADD, 3, {events=EPOLLIN|EPOLLOUT|EPOLLRDHUP|EPOLLET, data=0x55a43e11b3b0}) = 0
24178 brk(0x55a43e15d000)               = 0x55a43e15d000
24178 read(3, 0x55a43e11b4e0, 65536)    = -1 EAGAIN (Resource temporarily unavailable)
24178 writev(3, [{iov_base="\0\0\0\0\5\0\0\0", iov_len=8}, {iov_base="\0\0\0\0\1\0\1\0\10\0\0\0\0\0\0\0\0\0\0\0\1\0\1\0\0\0\0\0\0\0\0\0\0\0\0\0\0\0\0\0", iov_len=40}, {iov_base="\0\0\0\0\21\0\0\0", iov_len=8}, {iov_base="\0\0\0\0\1\0\1\0\2\0\0\0\0\0\0\0\0\0\0\0\3\0\3\0\1\0\0\0\0\0\0\0e\272\\\272\0\3078\210\0\0\0\0\0\0\0\0\24\0\0\0\1\0\1\0\4\0\0\0\0\0\2\0\0\0\0\0\0\0\0\0\4\0\0\0\0\0\1\0\0\0\0\0\0\0\0\0\0\0\0\0\0\0\0\0\0\0\0\0\1\0\0\0\0\0\0\0\1\0\1\0\0\0\0\0\0\0\0\0\1\0\0\0\7\0\0\0\0\0\0\0\1\0\0\0", iov_len=136}, {iov_base="\0\0\0\0\22\0\0\0", iov_len=8}, {iov_base="\0\0\0\0\1\0\1\0\2\0\0\0\0\0\0\0\0\0\0\0\3\0\3\0\2\0\0\0\1\0\0\0\235\334\331\232\0277^\356\2\0\0\0\0\0\0\0\24\0\0\0\1\0\1\0\4\0\0\0\0\0\2\0\0\0\0\0\0\0\0\0\4\0\0\0\1\0\0\0\0\0\0\0\0\0\0\0\2\0\0\0\0\0\0\0\0\0\0\0\1\0\0\0\0\0\0\0\1\0\1\0\1\0\0\0\0\0\0\0\1\0\0\0\17\0\0\0\4\0\0\0\1\0\0\0\1\0\0\0\0\0\0\0", iov_len=144}, {iov_base="\0\0\0\0\21\0\0\0", iov_len=8}, {iov_base="\0\0\0\0\1\0\1\0\2\0\0\0\0\0\0\0\0\0\0\0\3\0\3\0\3\0\0\0\3\0\0\0e\272\\\272\0\3078\210\0\0\0\0\0\0\0\0\24\0\0\0\1\0\1\0\4\0\0\0\0\0\2\0\0\0\0\0\0\0\0\0\4\0\0\0\0\0\1\0\0\0\0\0\0\0\0\0\0\0\0\0\0\0\0\0\0\0\0\0\1\0\0\0\0\0\0\0\1\0\1\0\0\0\0\0\0\0\0\0\1\0\0\0\7\0\0\0\0\0\0\0\1\0\0\0", iov_len=136}, {iov_base="\0\0\0\0\24\0\0\0", iov_len=8}, {iov_base="\0\0\0\0\1\0\1\0\2\0\0\0\0\0\0\0\0\0\0\0\3\0\3\0\4\0\0\0\4\0\0\0\236\363:\3376\204\306\371\0\0\0\0\0\0\0\0\34\0\0\0\1\0\1\0\4\0\0\0\0\0\2\0\0\0\0\0\0\0\0\0\4\0\0\0\1\0\2\0\0\0\0\0\0\0\0\0\1\0\0\0\0\0\0\0\0\0\0\0\0\0\0\0\0\0\0\0\0\0\0\0\0\0\0\0\1\0\0\0\0\0\0\0\1\0\1\0\3\0\0\0\0\0\0\0\1\0\0\0\17\0\0\0\4\0\0\0\1\0\0\0\1\0\0\0\0\0\0\0", iov_len=160}, {iov_base="\0\0\0\0\22\0\0\0", iov_len=8}, {iov_base="\0\0\0\0\1\0\1\0\2\0\0\0\0\0\0\0\0\0\0\0\3\0\3\0\5\0\0\0\5\0\0\0\"\366\262A\330\32g\371\2\0\0\0\0\0\0\0\24\0\0\0\1\0\1\0\4\0\0\0\0\0\2\0\0\0\0\0\0\0\0\0\4\0\0\0\0\0\1\0\0\0\0\0\0\0\0\0\0\0\0\0\0\0\0\0\0\0\0\0\1\0\0\0\0\0\0\0\1\0\1\0\4\0\0\0\0\0\0\0\1\0\0\0\17\0\0\0\4\0\0\0\1\0\0\0\1\0\0\0\0\0\0\0", iov_len=144}, {iov_base="\0\0\0\0\22\0\0\0", iov_len=8}, {iov_base="\0\0\0\0\1\0\1\0\2\0\0\0\0\0\0\0\0\0\0\0\3\0\3\0\6\0\0\0\3\0\0\0\"\366\262A\330\32g\371\2\0\0\0\0\0\0\0\24\0\0\0\1\0\1\0\4\0\0\0\0\0\2\0\0\0\0\0\0\0\0\0\4\0\0\0\0\0\1\0\0\0\0\0\0\0\0\0\0\0\0\0\0\0\0\0\0\0\0\0\1\0\0\0\0\0\0\0\1\0\1\0\4\0\0\0\0\0\0\0\1\0\0\0\17\0\0\0\4\0\0\0\1\0\0\0\1\0\0\0\0\0\0\0", iov_len=144}, {iov_base="\0\0\0\0\22\0\0\0", iov_len=8}, {iov_base="\0\0\0\0\1\0\1\0\2\0\0\0\0\0\0\0\0\0\0\0\3\0\3\0\7\0\0\0\4\0\0\0\"\366\262A\330\32g\371\2\0\0\0\0\0\0\0\24\0\0\0\1\0\1\0\4\0\0\0\0\0\2\0\0\0\0\0\0\0\0\0\4\0\0\0\0\0\1\0\0\0\0\0\0\0\0\0\0\0\0\0\0\0\0\0\0\0\0\0\1\0\0\0\0\0\0\0\1\0\1\0\4\0\0\0\0\0\0\0\1\0\0\0\17\0\0\0\4\0\0\0\1\0\0\0\1\0\0\0\0\0\0\0", iov_len=144}], 16) = 1112
24178 epoll_wait(4, [{events=EPOLLOUT, data=0x55a43e11b3b0}], 16, -1) = 1
24178 epoll_wait(4, [{events=EPOLLIN|EPOLLOUT, data=0x55a43e11b3b0}], 16, -1) = 1
24178 read(3, "\0\0\0\0\v\0\0\0\0\0\0\0\1\0\1\0\3\0\0\0\0\0\0\0\0\0\0\0\2\0\1\0\0\0\0\0\0\0\0\0\0\0\0\0\0\0\0\0\0\0\0\0\0\0\2\0\3\0\0\0\0\0\0\0\1\0\0\0\27\0\0\0\4\0\0\0\1\0\1\0\1\0\0\0\0\0\0\0\0\0\0\0\0\0\0\0\0\0\0\0\f\0\0\0\0\0\0\0\1\0\1\0\3\0\0\0\0\0\0\0\0\0\0\0\2\0\1\0\1\0\0\0\1\0\0\0\0\0\0\0\0\0\0\0\0\0\0\0\0\0\2\0\4\0\0\0\0\0\1\0\5\0\0\0\27\0\0\0\3\0\0\0\0\0\0\0\4\0\0\0\1\0\1\0\1\0\0\0\1\0\0\0\0\0\0\0\0\0\0\0\0\0\0\0\10\0\0\0\0\0\0\0\1\0\1\0\3\0\0\0\0\0\0\0\0\0\0\0\2\0\1\0\2\0\0\0\3\0\0\0\0\0\0\0\0\0\0\0\0\0\0\0\0\0\2\0\0\0\0\0\0\0\0\0\0\0\0\0\0\0\0\0", 65536) = 272
24178 read(3, 0x55a43e11b4e0, 65536)    = -1 EAGAIN (Resource temporarily unavailable)
24178 writev(3, [{iov_base="\0\0\0\0\4\0\0\0", iov_len=8}, {iov_base="\0\0\0\0\1\0\1\0\4\0\0\0\0\0\0\0\0\0\0\0\1\0\0\0\0\0\0\0\3\0\0\0", iov_len=32}], 2) = 40
24178 epoll_wait(4, [{events=EPOLLIN|EPOLLOUT, data=0x55a43e11b3b0}], 16, -1) = 1
24178 read(3, "\0\0\0\0\f\0\0\0\0\0\0\0\1\0\1\0\3\0\0\0\0\0\0\0\0\0\0\0\2\0\1\0\3\0\0\0\1\0\0\0\0\0\0\0\0\0\0\0\0\0\0\0\0\0\2\0\4\0\0\0\0\0\1\0\5\0\0\0\27\0\0\0\3\0\0\0\0\0\0\0\4\0\0\0\1\0\1\0\1\0\0\0\2\0\0\0\0\0\0\0\0\0\0\0", 65536) = 104
24178 read(3, 0x55a43e11b4e0, 65536)    = -1 EAGAIN (Resource temporarily unavailable)
24178 writev(3, [{iov_base="\0\0\0\0\4\0\0\0", iov_len=8}, {iov_base="\0\0\0\0\1\0\1\0\4\0\0\0\0\0\0\0\0\0\0\0\1\0\0\0\3\0\0\0\3\0\0\0", iov_len=32}], 2) = 40
24178 epoll_wait(4, [{events=EPOLLOUT, data=0x55a43e11b3b0}], 16, -1) = 1
24178 epoll_wait(4, [{events=EPOLLIN|EPOLLOUT, data=0x55a43e11b3b0}], 16, -1) = 1
24178 read(3, "\0\0\0\0\f\0\0\0\0\0\0\0\1\0\1\0\3\0\0\0\0\0\0\0\0\0\0\0\2\0\1\0\4\0\0\0\1\0\0\0\0\0\0\0\0\0\0\0\0\0\0\0\0\0\2\0\4\0\0\0\0\0\1\0\5\0\0\0\27\0\0\0\3\0\0\0\0\0\0\0\4\0\0\0\1\0\1\0\1\0\0\0\3\0\0\0\0\0\0\0\0\0\0\0", 65536) = 104
24178 read(3, 0x55a43e11b4e0, 65536)    = -1 EAGAIN (Resource temporarily unavailable)
24178 writev(3, [{iov_base="\0\0\0\0\4\0\0\0", iov_len=8}, {iov_base="\0\0\0\0\1\0\1\0\4\0\0\0\0\0\0\0\0\0\0\0\1\0\0\0\4\0\0\0\3\0\0\0", iov_len=32}], 2) = 40
24178 epoll_wait(4, [{events=EPOLLOUT, data=0x55a43e11b3b0}], 16, -1) = 1
24178 epoll_wait(4, [{events=EPOLLIN|EPOLLOUT, data=0x55a43e11b3b0}], 16, -1) = 1
24178 read(3, "\0\0\0\0\33\0\0\0\0\0\0\0\1\0\1\0\3\0\0\0\0\0\0\0\0\0\0\0\2\0\1\0\5\0\0\0\3\0\0\0\0\0\0\0\0\0\0\0\0\0\0\0\0\0\2\0\4\0\0\0\0\0\1\0\0\0\0\0\0\0\0\0\0\0\0\0\3\0\3\0\2\0\0\0\376\377\377\377\0\362\5*\1\0\0\0e\0\0\0\0\0\0\0\t\0\0\0\22\0\0\0\t\0\0\0\2\1\0\0\25\0\0\0\16\0\0\0\1f\0\0\0\0\0\0\0\0\0\0\0\0\0\0\0\0\0\0\0\0\0\0\0\0\0\0\0\0\0\0\0\0\0\0\0\0\0\0\1\0\0\0z\1\0\0\0\0\0\0\0\0\0\0&j$\252!\251\355\342\366\34?q\321\336\375?\251\231\337\243iSu\\i\6\211y\231b\264\213\353\3306\227N\214\371\0", 65536) = 224
24178 read(3, 0x55a43e11b4e0, 65536)    = -1 EAGAIN (Resource temporarily unavailable)
24178 epoll_wait(4, [{events=EPOLLIN|EPOLLOUT, data=0x55a43e11b3b0}], 16, -1) = 1
24178 read(3, "\0\0\0\0\t\0\0\0\0\0\0\0\1\0\1\0\3\0\0\0\0\0\0\0\0\0\0\0\2\0\1\0\6\0\0\0\3\0\0\0\0\0\0\0\0\0\0\0\0\0\0\0\0\0\2\0\4\0\0\0\0\0\1\0\0\0\0\0\0\0\0\0\1\0\0\0\5\0\0\0", 65536) = 80
24178 read(3, 0x55a43e11b4e0, 65536)    = -1 EAGAIN (Resource temporarily unavailable)
24178 epoll_wait(4, [{events=EPOLLIN|EPOLLOUT, data=0x55a43e11b3b0}], 16, -1) = 1
24178 read(3, "\0\0\0\0\t\0\0\0\0\0\0\0\1\0\1\0\3\0\0\0\0\0\0\0\0\0\0\0\2\0\1\0\7\0\0\0\3\0\0\0\0\0\0\0\0\0\0\0\0\0\0\0\0\0\2\0\4\0\0\0\0\0\1\0\0\0\0\0\0\0\0\0\1\0\0\0\5\0\0\0", 65536) = 80
24178 fstat(1, {st_mode=S_IFCHR|0600, st_rdev=makedev(0x88, 0x7), ...}) = 0
24178 write(1, "Coinbase Version 2\n", 19) = 19
24178 write(1, "Fees 0\n", 7)           = 7
24178 write(1, "Block sigops 0\n", 15)  = 15
24178 epoll_ctl(4, EPOLL_CTL_DEL, 3, NULL) = 0
24178 close(3)                          = 0
24178 close(5)                          = 0
24178 close(4)                          = 0
24178 exit_group(0)                     = ?
24178 +++ exited with 0 +++
